// Jest Snapshot v1, https://goo.gl/fbAQLP

exports[`Should PreviewPlayer render correctly 1`] = `<video />`;
