// Jest Snapshot v1, https://goo.gl/fbAQLP

exports[`withVideo rendered correctly 1`] = `
<div>
  <video
    className="player__video"
    onClick={[Function]}
  />
</div>
`;
