// Jest Snapshot v1, https://goo.gl/fbAQLP

exports[`withPreview rendered correctly 1`] = `
<div>
  <video />
</div>
`;
